{
  "TotalSumCzk": 0,
  "TotalPerformanceCzk": 0,
  "TotalPerformancePercentage": 0.0,
  "Items": [],
  "ExchangeRates": {
    "Date": "",
    "Items": []
  }
}
